                                                                                                                                                                                                                
                                                                                                                                                                                                                
                  123               1223                           123              1223                           123              1223                           123              1223              o 123     
        123       456      12223    4556                123        456     12223    4556                123        456     12223    4556                123        456     12223    4556              ! 456     
        456                45556                        456                45556                        456                45556                        456                45556                      !         
                      ?                                                         OOOOOOOO   OOO?              ?           OOO    O??O                                                        XX        !         
                                                                                                                                                                                           XXX        !         
                                                                                                                                                                                          XXXX        !         
                                                                                                                                                                                         XXXXX        !         
                ?   O?O?O                     []         []                  O?O              O     OO    ?  ?  ?     O          OO      X  X          XX  X            OO?O            XXXXXX        !         
  _                                   []      l|  _      l|                                       _                                     XX  XX    _   XXX  XX                          XXXXXXX    _   !         
 /,\             _          []        l|      l| /,\     l|      _                               /,\             _                     XXX  XXX  /,\ XXXX  XXX   _ []              [] XXXXXXXX   /,\  !   OO OO 
/,.,\      78889/,\ k  789  l|        l| 7889 l|/,.,\    l|78889/,\    789                      /,.,\      78889/,\    789            XXXX  XXXX/,.,XXXXX  XXXX9/,\l|  789         l|XXXXXXXXX  /,.,\ X   OO OO9
@@@@@@@@@@@@@@@@@@@@@@@@@@@@@@@@@@@@@@@@@@@@@@@@@@@@@@@@@@@@@@@@@@@@@  @@@@@@@@@@@@@@@   @@@@@@@@@@@@@@@@@@@@@@@@@@@@@@@@@@@@@@@@@@@@@@@@@@@@@@@@@@@@@@@@  @@@@@@@@@@@@@@@@@@@@@@@@@@@@@@@@@@@@@@@@@@@@@@@@@@@@@
@@@@@@@@@@@@@@@@@@@@@@@@@@@@@@@@@@@@@@@@@@@@@@@@@@@@@@@@@@@@@@@@@@@@@  @@@@@@@@@@@@@@@   @@@@@@@@@@@@@@@@@@@@@@@@@@@@@@@@@@@@@@@@@@@@@@@@@@@@@@@@@@@@@@@@  @@@@@@@@@@@@@@@@@@@@@@@@@@@@@@@@@@@@@@@@@@@@@@@@@@@@@
